2092696 [restartedMain] INFO  c.fw.listenup.ListenupApplication - Starting ListenupApplication using Java 17.0.2 with PID 17820 (C:\code\java\ListenUpBE\listenup\target\classes started by xbbx in C:\code\java\ListenUpBE\listenup)
2092696 [restartedMain] INFO  c.fw.listenup.ListenupApplication - No active profile set, falling back to 1 default profile: "default"
2092796 [restartedMain] INFO  o.s.b.w.e.tomcat.TomcatWebServer - Tomcat initialized with port 8080 (http)
2092796 [restartedMain] INFO  o.a.coyote.http11.Http11NioProtocol - Initializing ProtocolHandler ["http-nio-8080"]
2092797 [restartedMain] INFO  o.a.catalina.core.StandardService - Starting service [Tomcat]
2092797 [restartedMain] INFO  o.a.catalina.core.StandardEngine - Starting Servlet engine: [Apache Tomcat/10.1.16]
2092806 [restartedMain] INFO  o.a.c.c.C.[.[localhost].[/] - Initializing Spring embedded WebApplicationContext
2092807 [restartedMain] INFO  o.s.b.w.s.c.ServletWebServerApplicationContext - Root WebApplicationContext: initialization completed in 111 ms
2092852 [restartedMain] INFO  o.s.b.d.a.OptionalLiveReloadServer - LiveReload server is running on port 35729
2092854 [restartedMain] INFO  o.a.coyote.http11.Http11NioProtocol - Starting ProtocolHandler ["http-nio-8080"]
2092855 [restartedMain] INFO  o.s.b.w.e.tomcat.TomcatWebServer - Tomcat started on port 8080 (http) with context path ''
2092857 [restartedMain] INFO  c.fw.listenup.ListenupApplication - Started ListenupApplication in 0.177 seconds (process running for 2092.941)
2092858 [restartedMain] INFO  o.s.b.d.a.ConditionEvaluationDeltaLoggingListener - Condition evaluation unchanged
2095292 [File Watcher] INFO  o.s.b.d.a.LocalDevToolsAutoConfiguration$RestartingClassPathChangeChangedEventListener - Restarting due to 1 class path change (0 additions, 0 deletions, 1 modification)
2095294 [Thread-134] INFO  o.a.coyote.http11.Http11NioProtocol - Stopping ProtocolHandler ["http-nio-8080"]
2095340 [restartedMain] INFO  c.fw.listenup.ListenupApplication - Starting ListenupApplication using Java 17.0.2 with PID 17820 (C:\code\java\ListenUpBE\listenup\target\classes started by xbbx in C:\code\java\ListenUpBE\listenup)
2095340 [restartedMain] INFO  c.fw.listenup.ListenupApplication - No active profile set, falling back to 1 default profile: "default"
2095441 [restartedMain] INFO  o.s.b.w.e.tomcat.TomcatWebServer - Tomcat initialized with port 8080 (http)
2095441 [restartedMain] INFO  o.a.coyote.http11.Http11NioProtocol - Initializing ProtocolHandler ["http-nio-8080"]
2095442 [restartedMain] INFO  o.a.catalina.core.StandardService - Starting service [Tomcat]
2095442 [restartedMain] INFO  o.a.catalina.core.StandardEngine - Starting Servlet engine: [Apache Tomcat/10.1.16]
2095452 [restartedMain] INFO  o.a.c.c.C.[.[localhost].[/] - Initializing Spring embedded WebApplicationContext
2095452 [restartedMain] INFO  o.s.b.w.s.c.ServletWebServerApplicationContext - Root WebApplicationContext: initialization completed in 111 ms
2095494 [restartedMain] INFO  o.s.b.d.a.OptionalLiveReloadServer - LiveReload server is running on port 35729
2095496 [restartedMain] INFO  o.a.coyote.http11.Http11NioProtocol - Starting ProtocolHandler ["http-nio-8080"]
2095498 [restartedMain] INFO  o.s.b.w.e.tomcat.TomcatWebServer - Tomcat started on port 8080 (http) with context path ''
2095500 [restartedMain] INFO  c.fw.listenup.ListenupApplication - Started ListenupApplication in 0.173 seconds (process running for 2095.583)
2095501 [restartedMain] INFO  o.s.b.d.a.ConditionEvaluationDeltaLoggingListener - Condition evaluation unchanged
2098664 [http-nio-8080-exec-1] INFO  o.a.c.c.C.[.[localhost].[/] - Initializing Spring DispatcherServlet 'dispatcherServlet'
2098665 [http-nio-8080-exec-1] INFO  o.s.web.servlet.DispatcherServlet - Initializing Servlet 'dispatcherServlet'
2098665 [http-nio-8080-exec-1] INFO  o.s.web.servlet.DispatcherServlet - Completed initialization in 0 ms
2098667 [http-nio-8080-exec-1] INFO  c.f.l.controllers.AuthController - Login request made for user ericb@gmail.com
2098676 [http-nio-8080-exec-1] INFO  com.fw.listenup.dao.AuthDAO - Calling db for user authentication details
2100370 [http-nio-8080-exec-6] INFO  c.f.l.controllers.AuthController - Login request made for user ericb@gmail.com
2100380 [http-nio-8080-exec-6] INFO  com.fw.listenup.dao.AuthDAO - Calling db for user authentication details
2102574 [http-nio-8080-exec-2] INFO  c.f.l.controllers.AuthController - Login request made for user ericb@gmail.com
2102583 [http-nio-8080-exec-2] INFO  com.fw.listenup.dao.AuthDAO - Calling db for user authentication details
2103345 [http-nio-8080-exec-4] INFO  c.f.l.controllers.AuthController - Login request made for user ericb@gmail.com
2103355 [http-nio-8080-exec-4] INFO  com.fw.listenup.dao.AuthDAO - Calling db for user authentication details
2173579 [File Watcher] INFO  o.s.b.d.a.LocalDevToolsAutoConfiguration$RestartingClassPathChangeChangedEventListener - Restarting due to 1 class path change (0 additions, 0 deletions, 1 modification)
2173580 [Thread-138] INFO  o.a.coyote.http11.Http11NioProtocol - Stopping ProtocolHandler ["http-nio-8080"]
